\BOOKMARK [0][-]{chapter*.1}{\376\377\000A\000c\000k\000n\000o\000w\000l\000e\000d\000g\000e\000m\000e\000n\000t}{}% 1
\BOOKMARK [0][-]{chapter*.2}{\376\377\000A\000b\000s\000t\000r\000a\000c\000t}{}% 2
\BOOKMARK [0][-]{chapter*.3}{\376\377\000L\000i\000s\000t\000\040\000o\000f\000\040\000A\000b\000b\000r\000e\000v\000i\000a\000t\000i\000o\000n\000s}{}% 3
\BOOKMARK [0][-]{section*.4}{\376\377\000L\000i\000s\000t\000\040\000o\000f\000\040\000F\000i\000g\000u\000r\000e\000s}{}% 4
\BOOKMARK [0][-]{section*.5}{\376\377\000L\000i\000s\000t\000\040\000o\000f\000\040\000T\000a\000b\000l\000e\000s}{}% 5
\BOOKMARK [0][-]{chapter.1}{\376\377\000P\000R\000O\000J\000E\000C\000T\000\040\000I\000N\000T\000R\000O\000D\000U\000C\000T\000I\000O\000N}{}% 6
\BOOKMARK [1][-]{section.1.1}{\376\377\000O\000v\000e\000r\000v\000i\000e\000w}{chapter.1}% 7
\BOOKMARK [2][-]{subsection.1.1.1}{\376\377\000P\000r\000o\000j\000e\000c\000t\000\040\000i\000n\000f\000o\000r\000m\000a\000t\000i\000o\000n}{section.1.1}% 8
\BOOKMARK [2][-]{subsection.1.1.2}{\376\377\000P\000r\000o\000d\000u\000c\000t\000\040\000o\000v\000e\000r\000v\000i\000e\000w}{section.1.1}% 9
\BOOKMARK [1][-]{section.1.2}{\376\377\000P\000r\000o\000j\000e\000c\000t\000\040\000c\000o\000n\000t\000e\000x\000t}{chapter.1}% 10
\BOOKMARK [1][-]{section.1.3}{\376\377\000O\000b\000j\000e\000c\000t\000i\000v\000e\000s}{chapter.1}% 11
\BOOKMARK [1][-]{section.1.4}{\376\377\000P\000r\000o\000b\000l\000e\000m\000\040\000s\000t\000a\000t\000e\000m\000e\000n\000t}{chapter.1}% 12
\BOOKMARK [1][-]{section.1.5}{\376\377\000S\000i\000g\000n\000i\000f\000i\000c\000a\000n\000c\000e}{chapter.1}% 13
\BOOKMARK [1][-]{section.1.6}{\376\377\000S\000c\000o\000p\000e\000\040\000a\000n\000d\000\040\000l\000i\000m\000i\000t\000a\000t\000i\000o\000n\000s}{chapter.1}% 14
\BOOKMARK [0][-]{chapter.2}{\376\377\000P\000R\000O\000J\000E\000C\000T\000\040\000D\000E\000V\000E\000L\000O\000P\000M\000E\000N\000T\000\040\000A\000N\000D\000\040\000M\000A\000N\000A\000G\000E\000M\000E\000N\000T}{}% 15
\BOOKMARK [1][-]{section.2.1}{\376\377\000D\000e\000v\000e\000l\000o\000p\000m\000e\000n\000t\000\040\000o\000r\000g\000a\000n\000i\000z\000a\000t\000i\000o\000n}{chapter.2}% 16
\BOOKMARK [1][-]{section.2.2}{\376\377\000C\000h\000a\000n\000g\000e\000\040\000m\000a\000n\000a\000g\000e\000m\000e\000n\000t}{chapter.2}% 17
\BOOKMARK [1][-]{section.2.3}{\376\377\000R\000i\000s\000k\000\040\000m\000a\000n\000a\000g\000e\000m\000e\000n\000t}{chapter.2}% 18
\BOOKMARK [1][-]{section.2.4}{\376\377\000Q\000u\000a\000l\000i\000t\000y\000\040\000m\000a\000n\000a\000g\000e\000m\000e\000n\000t}{chapter.2}% 19
\BOOKMARK [1][-]{section.2.5}{\376\377\000D\000o\000c\000u\000m\000e\000n\000t\000a\000t\000i\000o\000n\000\040\000m\000a\000n\000a\000g\000e\000m\000e\000n\000t}{chapter.2}% 20
\BOOKMARK [0][-]{chapter.3}{\376\377\000E\000X\000I\000S\000T\000I\000N\000G\000\040\000S\000Y\000S\000T\000E\000M\000S\000\040\000A\000N\000D\000\040\000T\000H\000E\000O\000R\000E\000T\000I\000C\000A\000L\000\040\000B\000A\000C\000K\000G\000R\000O\000U\000N\000D}{}% 21
\BOOKMARK [1][-]{section.3.1}{\376\377\000D\000o\000m\000a\000i\000n\000\040\000o\000v\000e\000r\000v\000i\000e\000w}{chapter.3}% 22
\BOOKMARK [1][-]{section.3.2}{\376\377\000N\000a\000t\000u\000r\000a\000l\000\040\000l\000a\000n\000g\000u\000a\000g\000e\000\040\000p\000r\000o\000c\000e\000s\000s\000i\000n\000g\000\040\000a\000n\000d\000\040\000T\000r\000a\000n\000s\000f\000o\000r\000m\000e\000r\000s}{chapter.3}% 23
\BOOKMARK [1][-]{section.3.3}{\376\377\000S\000t\000r\000u\000c\000t\000u\000r\000e\000d\000\040\000l\000a\000n\000g\000u\000a\000g\000e\000\040\000o\000u\000t\000p\000u\000t}{chapter.3}% 24
\BOOKMARK [1][-]{section.3.4}{\376\377\000R\000e\000t\000r\000i\000e\000v\000a\000l\000-\000A\000u\000g\000m\000e\000n\000t\000e\000d\000\040\000G\000e\000n\000e\000r\000a\000t\000i\000o\000n}{chapter.3}% 25
\BOOKMARK [1][-]{section.3.5}{\376\377\000A\000d\000a\000p\000t\000i\000v\000e\000\040\000i\000n\000t\000e\000r\000v\000i\000e\000w\000\040\000s\000t\000a\000t\000e}{chapter.3}% 26
\BOOKMARK [1][-]{section.3.6}{\376\377\000D\000o\000c\000u\000m\000e\000n\000t\000\040\000e\000x\000t\000r\000a\000c\000t\000i\000o\000n\000\040\000t\000e\000c\000h\000n\000o\000l\000o\000g\000i\000e\000s}{chapter.3}% 27
\BOOKMARK [1][-]{section.3.7}{\376\377\000S\000p\000e\000e\000c\000h\000\040\000r\000e\000c\000o\000g\000n\000i\000t\000i\000o\000n\000\040\000a\000n\000d\000\040\000s\000y\000n\000t\000h\000e\000s\000i\000s}{chapter.3}% 28
\BOOKMARK [1][-]{section.3.8}{\376\377\000L\000L\000M\000-\000a\000s\000-\000a\000-\000J\000u\000d\000g\000e\000\040\000l\000i\000m\000i\000t\000a\000t\000i\000o\000n\000s}{chapter.3}% 29
\BOOKMARK [1][-]{section.3.9}{\376\377\000T\000e\000c\000h\000n\000o\000l\000o\000g\000y\000\040\000s\000e\000l\000e\000c\000t\000i\000o\000n\000\040\000s\000u\000m\000m\000a\000r\000y}{chapter.3}% 30
\BOOKMARK [0][-]{chapter.4}{\376\377\000A\000I\000\040\000M\000E\000T\000H\000O\000D\000O\000L\000O\000G\000Y\000\040\000A\000N\000D\000\040\000S\000O\000L\000U\000T\000I\000O\000N}{}% 31
\BOOKMARK [1][-]{section.4.1}{\376\377\000M\000e\000t\000h\000o\000d\000\040\000o\000v\000e\000r\000v\000i\000e\000w}{chapter.4}% 32
\BOOKMARK [1][-]{section.4.2}{\376\377\000R\000e\000s\000u\000m\000e\000\040\000u\000n\000d\000e\000r\000s\000t\000a\000n\000d\000i\000n\000g}{chapter.4}% 33
\BOOKMARK [2][-]{subsection.4.2.1}{\376\377\000D\000o\000c\000u\000m\000e\000n\000t\000\040\000a\000d\000m\000i\000s\000s\000i\000o\000n\000\040\000a\000n\000d\000\040\000e\000x\000t\000r\000a\000c\000t\000i\000o\000n}{section.4.2}% 34
\BOOKMARK [2][-]{subsection.4.2.2}{\376\377\000C\000a\000n\000o\000n\000i\000c\000a\000l\000\040\000C\000a\000n\000d\000i\000d\000a\000t\000e\000\040\000P\000r\000o\000f\000i\000l\000e}{section.4.2}% 35
\BOOKMARK [1][-]{section.4.3}{\376\377\000K\000n\000o\000w\000l\000e\000d\000g\000e\000\040\000s\000e\000l\000e\000c\000t\000i\000o\000n}{chapter.4}% 36
\BOOKMARK [2][-]{subsection.4.3.1}{\376\377\000K\000n\000o\000w\000l\000e\000d\000g\000e\000\040\000c\000a\000t\000a\000l\000o\000g}{section.4.3}% 37
\BOOKMARK [2][-]{subsection.4.3.2}{\376\377\000D\000e\000t\000e\000r\000m\000i\000n\000i\000s\000t\000i\000c\000\040\000l\000e\000x\000i\000c\000a\000l\000\040\000r\000e\000t\000r\000i\000e\000v\000a\000l}{section.4.3}% 38
\BOOKMARK [1][-]{section.4.4}{\376\377\000I\000n\000t\000e\000r\000v\000i\000e\000w\000\040\000p\000l\000a\000n\000n\000i\000n\000g\000\040\000a\000n\000d\000\040\000q\000u\000e\000s\000t\000i\000o\000n\000\040\000g\000e\000n\000e\000r\000a\000t\000i\000o\000n}{chapter.4}% 39
\BOOKMARK [1][-]{section.4.5}{\376\377\000A\000n\000s\000w\000e\000r\000\040\000e\000v\000a\000l\000u\000a\000t\000i\000o\000n\000\040\000a\000n\000d\000\040\000a\000d\000a\000p\000t\000i\000v\000e\000\040\000d\000e\000c\000i\000s\000i\000o\000n\000s}{chapter.4}% 40
\BOOKMARK [1][-]{section.4.6}{\376\377\000R\000e\000p\000o\000r\000t\000\040\000g\000e\000n\000e\000r\000a\000t\000i\000o\000n}{chapter.4}% 41
\BOOKMARK [1][-]{section.4.7}{\376\377\000S\000a\000f\000e\000t\000y\000\040\000a\000n\000d\000\040\000r\000e\000l\000i\000a\000b\000i\000l\000i\000t\000y\000\040\000c\000o\000n\000t\000r\000o\000l\000s}{chapter.4}% 42
\BOOKMARK [0][-]{chapter.5}{\376\377\000S\000Y\000S\000T\000E\000M\000\040\000D\000E\000S\000I\000G\000N\000\040\000A\000N\000D\000\040\000I\000M\000P\000L\000E\000M\000E\000N\000T\000A\000T\000I\000O\000N}{}% 43
\BOOKMARK [1][-]{section.5.1}{\376\377\000A\000r\000c\000h\000i\000t\000e\000c\000t\000u\000r\000a\000l\000\040\000s\000t\000y\000l\000e}{chapter.5}% 44
\BOOKMARK [1][-]{section.5.2}{\376\377\000F\000r\000o\000n\000t\000e\000n\000d\000\040\000d\000e\000s\000i\000g\000n}{chapter.5}% 45
\BOOKMARK [1][-]{section.5.3}{\376\377\000B\000a\000c\000k\000e\000n\000d\000\040\000r\000e\000q\000u\000e\000s\000t\000\040\000c\000o\000m\000p\000o\000s\000i\000t\000i\000o\000n}{chapter.5}% 46
\BOOKMARK [1][-]{section.5.4}{\376\377\000T\000e\000x\000t\000\040\000i\000n\000t\000e\000r\000v\000i\000e\000w\000\040\000s\000e\000q\000u\000e\000n\000c\000e}{chapter.5}% 47
\BOOKMARK [1][-]{section.5.5}{\376\377\000V\000o\000i\000c\000e\000\040\000i\000n\000t\000e\000r\000v\000i\000e\000w\000\040\000s\000e\000q\000u\000e\000n\000c\000e}{chapter.5}% 48
\BOOKMARK [1][-]{section.5.6}{\376\377\000P\000e\000r\000s\000i\000s\000t\000e\000n\000c\000e\000\040\000d\000e\000s\000i\000g\000n}{chapter.5}% 49
\BOOKMARK [1][-]{section.5.7}{\376\377\000H\000T\000T\000P\000\040\000a\000n\000d\000\040\000W\000e\000b\000S\000o\000c\000k\000e\000t\000\040\000i\000n\000t\000e\000r\000f\000a\000c\000e\000s}{chapter.5}% 50
\BOOKMARK [1][-]{section.5.8}{\376\377\000A\000u\000t\000h\000e\000n\000t\000i\000c\000a\000t\000i\000o\000n\000\040\000a\000n\000d\000\040\000o\000w\000n\000e\000r\000s\000h\000i\000p}{chapter.5}% 51
\BOOKMARK [1][-]{section.5.9}{\376\377\000C\000o\000n\000f\000i\000g\000u\000r\000a\000t\000i\000o\000n\000\040\000a\000n\000d\000\040\000o\000b\000s\000e\000r\000v\000a\000b\000i\000l\000i\000t\000y}{chapter.5}% 52
\BOOKMARK [0][-]{chapter.6}{\376\377\000S\000O\000F\000T\000W\000A\000R\000E\000\040\000R\000E\000Q\000U\000I\000R\000E\000M\000E\000N\000T\000S\000\040\000S\000P\000E\000C\000I\000F\000I\000C\000A\000T\000I\000O\000N}{}% 53
\BOOKMARK [1][-]{section.6.1}{\376\377\000P\000r\000o\000d\000u\000c\000t\000\040\000p\000e\000r\000s\000p\000e\000c\000t\000i\000v\000e}{chapter.6}% 54
\BOOKMARK [1][-]{section.6.2}{\376\377\000A\000c\000t\000o\000r\000s\000\040\000a\000n\000d\000\040\000e\000x\000t\000e\000r\000n\000a\000l\000\040\000s\000y\000s\000t\000e\000m\000s}{chapter.6}% 55
\BOOKMARK [1][-]{section.6.3}{\376\377\000F\000u\000n\000c\000t\000i\000o\000n\000a\000l\000\040\000r\000e\000q\000u\000i\000r\000e\000m\000e\000n\000t\000s}{chapter.6}% 56
\BOOKMARK [1][-]{section.6.4}{\376\377\000P\000r\000i\000m\000a\000r\000y\000\040\000u\000s\000e\000\040\000c\000a\000s\000e\000s}{chapter.6}% 57
\BOOKMARK [2][-]{subsection.6.4.1}{\376\377\000U\000p\000l\000o\000a\000d\000\040\000a\000n\000d\000\040\000r\000e\000v\000i\000e\000w\000\040\000a\000\040\000R\000e\000s\000u\000m\000e}{section.6.4}% 58
\BOOKMARK [2][-]{subsection.6.4.2}{\376\377\000C\000o\000m\000p\000l\000e\000t\000e\000\040\000a\000\040\000t\000e\000x\000t\000\040\000i\000n\000t\000e\000r\000v\000i\000e\000w}{section.6.4}% 59
\BOOKMARK [2][-]{subsection.6.4.3}{\376\377\000C\000o\000m\000p\000l\000e\000t\000e\000\040\000a\000\040\000v\000o\000i\000c\000e\000\040\000i\000n\000t\000e\000r\000v\000i\000e\000w}{section.6.4}% 60
\BOOKMARK [2][-]{subsection.6.4.4}{\376\377\000R\000e\000v\000i\000e\000w\000\040\000i\000n\000t\000e\000r\000v\000i\000e\000w\000\040\000h\000i\000s\000t\000o\000r\000y}{section.6.4}% 61
\BOOKMARK [1][-]{section.6.5}{\376\377\000D\000a\000t\000a\000\040\000r\000e\000q\000u\000i\000r\000e\000m\000e\000n\000t\000s}{chapter.6}% 62
\BOOKMARK [1][-]{section.6.6}{\376\377\000Q\000u\000a\000l\000i\000t\000y\000\040\000r\000e\000q\000u\000i\000r\000e\000m\000e\000n\000t\000s}{chapter.6}% 63
\BOOKMARK [1][-]{section.6.7}{\376\377\000O\000p\000e\000r\000a\000t\000i\000o\000n\000a\000l\000\040\000l\000i\000m\000i\000t\000s}{chapter.6}% 64
\BOOKMARK [0][-]{chapter.7}{\376\377\000S\000O\000F\000T\000W\000A\000R\000E\000\040\000T\000E\000S\000T\000I\000N\000G}{}% 65
\BOOKMARK [1][-]{section.7.1}{\376\377\000T\000e\000s\000t\000\040\000s\000t\000r\000a\000t\000e\000g\000y}{chapter.7}% 66
\BOOKMARK [1][-]{section.7.2}{\376\377\000B\000a\000c\000k\000e\000n\000d\000\040\000v\000e\000r\000i\000f\000i\000c\000a\000t\000i\000o\000n}{chapter.7}% 67
\BOOKMARK [1][-]{section.7.3}{\376\377\000F\000r\000o\000n\000t\000e\000n\000d\000\040\000v\000e\000r\000i\000f\000i\000c\000a\000t\000i\000o\000n}{chapter.7}% 68
\BOOKMARK [1][-]{section.7.4}{\376\377\000C\000u\000r\000r\000e\000n\000t\000\040\000v\000e\000r\000i\000f\000i\000c\000a\000t\000i\000o\000n\000\040\000r\000e\000s\000u\000l\000t}{chapter.7}% 69
\BOOKMARK [1][-]{section.7.5}{\376\377\000A\000c\000c\000e\000p\000t\000a\000n\000c\000e\000-\000o\000r\000i\000e\000n\000t\000e\000d\000\040\000s\000c\000e\000n\000a\000r\000i\000o\000s}{chapter.7}% 70
\BOOKMARK [1][-]{section.7.6}{\376\377\000T\000e\000s\000t\000i\000n\000g\000\040\000l\000i\000m\000i\000t\000a\000t\000i\000o\000n\000s}{chapter.7}% 71
\BOOKMARK [0][-]{chapter.8}{\376\377\000D\000E\000L\000I\000V\000E\000R\000A\000B\000L\000E\000S\000\040\000A\000N\000D\000\040\000U\000S\000E\000R\000\040\000G\000U\000I\000D\000E}{}% 72
\BOOKMARK [1][-]{section.8.1}{\376\377\000P\000r\000o\000j\000e\000c\000t\000\040\000d\000e\000l\000i\000v\000e\000r\000a\000b\000l\000e\000s}{chapter.8}% 73
\BOOKMARK [1][-]{section.8.2}{\376\377\000L\000o\000c\000a\000l\000\040\000p\000r\000e\000r\000e\000q\000u\000i\000s\000i\000t\000e\000s}{chapter.8}% 74
\BOOKMARK [1][-]{section.8.3}{\376\377\000I\000n\000s\000t\000a\000l\000l\000a\000t\000i\000o\000n}{chapter.8}% 75
\BOOKMARK [1][-]{section.8.4}{\376\377\000E\000n\000v\000i\000r\000o\000n\000m\000e\000n\000t\000\040\000c\000o\000n\000f\000i\000g\000u\000r\000a\000t\000i\000o\000n}{chapter.8}% 76
\BOOKMARK [1][-]{section.8.5}{\376\377\000S\000t\000a\000r\000t\000i\000n\000g\000\040\000t\000h\000e\000\040\000a\000p\000p\000l\000i\000c\000a\000t\000i\000o\000n}{chapter.8}% 77
\BOOKMARK [1][-]{section.8.6}{\376\377\000C\000a\000n\000d\000i\000d\000a\000t\000e\000\040\000w\000o\000r\000k\000f\000l\000o\000w}{chapter.8}% 78
\BOOKMARK [2][-]{subsection.8.6.1}{\376\377\000S\000i\000g\000n\000\040\000i\000n\000\040\000a\000n\000d\000\040\000u\000p\000l\000o\000a\000d}{section.8.6}% 79
\BOOKMARK [2][-]{subsection.8.6.2}{\376\377\000R\000e\000v\000i\000e\000w\000\040\000t\000h\000e\000\040\000C\000a\000n\000d\000i\000d\000a\000t\000e\000\040\000P\000r\000o\000f\000i\000l\000e}{section.8.6}% 80
\BOOKMARK [2][-]{subsection.8.6.3}{\376\377\000C\000o\000n\000f\000i\000g\000u\000r\000e\000\040\000a\000n\000d\000\040\000s\000t\000a\000r\000t\000\040\000a\000\040\000t\000e\000x\000t\000\040\000i\000n\000t\000e\000r\000v\000i\000e\000w}{section.8.6}% 81
\BOOKMARK [2][-]{subsection.8.6.4}{\376\377\000U\000s\000e\000\040\000v\000o\000i\000c\000e\000\040\000m\000o\000d\000e}{section.8.6}% 82
\BOOKMARK [2][-]{subsection.8.6.5}{\376\377\000R\000e\000a\000d\000\040\000h\000i\000s\000t\000o\000r\000y\000\040\000a\000n\000d\000\040\000r\000e\000p\000o\000r\000t\000s}{section.8.6}% 83
\BOOKMARK [1][-]{section.8.7}{\376\377\000D\000e\000v\000e\000l\000o\000p\000e\000r\000\040\000v\000e\000r\000i\000f\000i\000c\000a\000t\000i\000o\000n}{chapter.8}% 84
\BOOKMARK [0][-]{chapter.9}{\376\377\000C\000O\000N\000C\000L\000U\000S\000I\000O\000N}{}% 85
\BOOKMARK [1][-]{section.9.1}{\376\377\000A\000c\000h\000i\000e\000v\000e\000d\000\040\000r\000e\000s\000u\000l\000t}{chapter.9}% 86
\BOOKMARK [1][-]{section.9.2}{\376\377\000T\000e\000c\000h\000n\000i\000c\000a\000l\000\040\000c\000o\000n\000t\000r\000i\000b\000u\000t\000i\000o\000n\000s}{chapter.9}% 87
\BOOKMARK [1][-]{section.9.3}{\376\377\000V\000e\000r\000i\000f\000i\000e\000d\000\040\000s\000o\000f\000t\000w\000a\000r\000e\000\040\000s\000t\000a\000t\000u\000s}{chapter.9}% 88
\BOOKMARK [1][-]{section.9.4}{\376\377\000K\000n\000o\000w\000n\000\040\000l\000i\000m\000i\000t\000a\000t\000i\000o\000n\000s}{chapter.9}% 89
\BOOKMARK [1][-]{section.9.5}{\376\377\000O\000v\000e\000r\000a\000l\000l\000\040\000a\000s\000s\000e\000s\000s\000m\000e\000n\000t}{chapter.9}% 90
\BOOKMARK [0][-]{chapter*.33}{\376\377\000R\000e\000f\000e\000r\000e\000n\000c\000e\000s}{}% 91
\BOOKMARK [0][-]{appendix.A}{\376\377\000R\000U\000N\000T\000I\000M\000E\000\040\000C\000O\000N\000T\000R\000A\000C\000T\000\040\000R\000E\000F\000E\000R\000E\000N\000C\000E}{}% 92
\BOOKMARK [1][-]{section.A.1}{\376\377\000C\000a\000n\000o\000n\000i\000c\000a\000l\000\040\000p\000r\000o\000f\000i\000l\000e\000\040\000s\000t\000r\000u\000c\000t\000u\000r\000e}{appendix.A}% 93
\BOOKMARK [1][-]{section.A.2}{\376\377\000R\000u\000n\000t\000i\000m\000e\000\040\000s\000o\000u\000r\000c\000e\000\040\000i\000n\000d\000e\000x}{appendix.A}% 94
\BOOKMARK [1][-]{section.A.3}{\376\377\000R\000e\000p\000o\000r\000t\000\040\000b\000u\000i\000l\000d}{appendix.A}% 95
